[{"stream_name":"stderr","time":6.259531267,"data":"/usr/local/lib/python3.12/dist-packages/nbformat/__init__.py:96: MissingIDFieldWarning: Cell is missing an id field, this will become a hard error in future nbformat versions. You may want to use `normalize()` on your notebooks before validations (available since nbformat 5.1.4). Previous versions of nbformat are fixing this issue transparently, and will stop doing so in the future.\n"}
,{"stream_name":"stderr","time":6.259592122,"data":"  validate(nb)\n"}
,{"stream_name":"stderr","time":7.11192985,"data":"0.00s - Debugger warning: It seems that frozen modules are being used, which may\n"}
,{"stream_name":"stderr","time":7.111957255,"data":"0.00s - make the debugger miss breakpoints. Please pass -Xfrozen_modules=off\n"}
,{"stream_name":"stderr","time":7.11196297,"data":"0.00s - to python to disable frozen modules.\n"}
,{"stream_name":"stderr","time":7.111967614,"data":"0.00s - Note: Debugging will proceed. Set PYDEVD_DISABLE_FILE_VALIDATION=1 to disable this validation.\n"}
,{"stream_name":"stderr","time":7.713583352,"data":"0.00s - Debugger warning: It seems that frozen modules are being used, which may\n"}
,{"stream_name":"stderr","time":7.713615159,"data":"0.00s - make the debugger miss breakpoints. Please pass -Xfrozen_modules=off\n"}
,{"stream_name":"stderr","time":7.713619022,"data":"0.00s - to python to disable frozen modules.\n"}
,{"stream_name":"stderr","time":7.71362176,"data":"0.00s - Note: Debugging will proceed. Set PYDEVD_DISABLE_FILE_VALIDATION=1 to disable this validation.\n"}
,{"stream_name":"stdout","time":11.138491844,"data":"     ━━━━━━━━━━━━━━━━━━━━━━━━━━━━━━━━━━━━━━━━ 44.8/44.8 kB 2.3 MB/s eta 0:00:00\n"}
,{"stream_name":"stdout","time":11.341223016,"data":"     ━━━━━━━━━━━━━━━━━━━━━━━━━━━━━━━━━━━━━━━━ 44.8/44.8 kB 2.3 MB/s eta 0:00:00\n"}
,{"stream_name":"stdout","time":11.420680911,"data":"     ━━━━━━━━━━━━━━━━━━━━━━━━━━━━━━━━━━━━━━ 232.7/232.7 kB 10.5 MB/s eta 0:00:00\n"}
,{"stream_name":"stdout","time":11.623225312,"data":"     ━━━━━━━━━━━━━━━━━━━━━━━━━━━━━━━━━━━━━━ 232.7/232.7 kB 10.5 MB/s eta 0:00:00\n"}
,{"stream_name":"stdout","time":12.255193581,"data":"     ━━━━━━━━━━━━━━━━━━━━━━━━━━━━━━━━━━━━━━━━ 62.1/62.1 kB 4.0 MB/s eta 0:00:00\n"}
,{"stream_name":"stdout","time":12.457469143,"data":"     ━━━━━━━━━━━━━━━━━━━━━━━━━━━━━━━━━━━━━━━━ 62.1/62.1 kB 4.0 MB/s eta 0:00:00\n"}
,{"stream_name":"stdout","time":13.145986696,"data":"     ━━━━━━━━━━━━━━━━━━━━━━━━━━━━━━━━━━━━━━━ 109.4/109.4 kB 7.2 MB/s eta 0:00:00\n"}
,{"stream_name":"stdout","time":13.347911716,"data":"     ━━━━━━━━━━━━━━━━━━━━━━━━━━━━━━━━━━━━━━━ 109.4/109.4 kB 7.2 MB/s eta 0:00:00\n"}
,{"stream_name":"stdout","time":16.230270331,"data":"   ━━━━━━━━━━━━━━━━━━━━━━━━━━━━━━━━━━━━━━━━ 848.6/848.6 kB 35.2 MB/s eta 0:00:00\n"}
,{"stream_name":"stdout","time":16.412314661,"data":"   ━━━━━━━━━━━━━━━━━━━━━━━━━━━━━━━━━━━━━━━━ 19.8/19.8 MB 79.3 MB/s eta 0:00:00\n"}
,{"stream_name":"stdout","time":16.432888045,"data":"   ━━━━━━━━━━━━━━━━━━━━━━━━━━━━━━━━━━━━━━━━ 848.6/848.6 kB 35.2 MB/s eta 0:00:00\n"}
,{"stream_name":"stdout","time":16.432931103,"data":"   ━━━━━━━━━━━━━━━━━━━━━━━━━━━━━━━━━━━━━━━━ 19.8/19.8 MB 79.3 MB/s eta 0:00:00\n"}
,{"stream_name":"stdout","time":16.56387874,"data":"   ━━━━━━━━━━━━━━━━━━━━━━━━━━━━━━━━━━━━━━━━ 16.6/16.6 MB 88.6 MB/s eta 0:00:00\n"}
,{"stream_name":"stdout","time":16.766693249,"data":"   ━━━━━━━━━━━━━━━━━━━━━━━━━━━━━━━━━━━━━━━━ 16.6/16.6 MB 88.6 MB/s eta 0:00:00\n"}
,{"stream_name":"stdout","time":16.858000638,"data":"   ━━━━━━━━━━━━━━━━━━━━━━━━━━━━━━━━━━━━━━━━ 35.2/35.2 MB 58.3 MB/s eta 0:00:00\n"}
,{"stream_name":"stdout","time":16.886476808,"data":"   ━━━━━━━━━━━━━━━━━━━━━━━━━━━━━━━━━━━━━━━━ 741.0/741.0 kB 39.2 MB/s eta 0:00:00\n"}
,{"stream_name":"stdout","time":16.911605801,"data":"   ━━━━━━━━━━━━━━━━━━━━━━━━━━━━━━━━━━━━━━━━ 516.0/516.0 kB 31.5 MB/s eta 0:00:00\n"}
,{"stream_name":"stdout","time":16.935082505,"data":"   ━━━━━━━━━━━━━━━━━━━━━━━━━━━━━━━━━━━━━━━━ 472.3/472.3 kB 32.0 MB/s eta 0:00:00\n"}
,{"stream_name":"stdout","time":16.95950729,"data":"   ━━━━━━━━━━━━━━━━━━━━━━━━━━━━━━━━━━━━━━━━ 310.5/310.5 kB 19.2 MB/s eta 0:00:00\n"}
,{"stream_name":"stdout","time":16.979900473,"data":"   ━━━━━━━━━━━━━━━━━━━━━━━━━━━━━━━━━━━━━━━━ 122.9/122.9 kB 9.7 MB/s eta 0:00:00\n"}
,{"stream_name":"stdout","time":17.048645379,"data":"   ━━━━━━━━━━━━━━━━━━━━━━━━━━━━━━━━━━━━━━━━ 7.0/7.0 MB 119.5 MB/s eta 0:00:00\n"}
,{"stream_name":"stdout","time":17.059912857,"data":"   ━━━━━━━━━━━━━━━━━━━━━━━━━━━━━━━━━━━━━━━━ 35.2/35.2 MB 58.3 MB/s eta 0:00:00\n"}
,{"stream_name":"stdout","time":17.060529737,"data":"   ━━━━━━━━━━━━━━━━━━━━━━━━━━━━━━━━━━━━━━━━ 741.0/741.0 kB 39.2 MB/s eta 0:00:00\n"}
,{"stream_name":"stdout","time":17.060539333,"data":"   ━━━━━━━━━━━━━━━━━━━━━━━━━━━━━━━━━━━━━━━━ 516.0/516.0 kB 31.5 MB/s eta 0:00:00\n"}
,{"stream_name":"stdout","time":17.060543561,"data":"   ━━━━━━━━━━━━━━━━━━━━━━━━━━━━━━━━━━━━━━━━ 472.3/472.3 kB 32.0 MB/s eta 0:00:00\n"}
,{"stream_name":"stdout","time":17.060547855,"data":"   ━━━━━━━━━━━━━━━━━━━━━━━━━━━━━━━━━━━━━━━━ 310.5/310.5 kB 19.2 MB/s eta 0:00:00\n"}
,{"stream_name":"stdout","time":17.060552063,"data":"   ━━━━━━━━━━━━━━━━━━━━━━━━━━━━━━━━━━━━━━━━ 122.9/122.9 kB 9.7 MB/s eta 0:00:00\n"}
,{"stream_name":"stdout","time":17.060572348,"data":"   ━━━━━━━━━━━━━━━━━━━━━━━━━━━━━━━━━━━━━━━━ 7.0/7.0 MB 119.5 MB/s eta 0:00:00\n"}
,{"stream_name":"stdout","time":17.0732212,"data":"   ━━━━━━━━━━━━━━━━━━━━━━━━━━━━━━━━━━━━━━━━ 386.5/386.5 kB 24.5 MB/s eta 0:00:00\n"}
,{"stream_name":"stdout","time":17.110323219,"data":"   ━━━━━━━━━━━━━━━━━━━━━━━━━━━━━━━━━━━━━━━━ 2.1/2.1 MB 74.2 MB/s eta 0:00:00\n"}
,{"stream_name":"stdout","time":17.133532641,"data":"   ━━━━━━━━━━━━━━━━━━━━━━━━━━━━━━━━━━━━━━━━ 248.5/248.5 kB 17.1 MB/s eta 0:00:00\n"}
,{"stream_name":"stdout","time":17.275162999,"data":"   ━━━━━━━━━━━━━━━━━━━━━━━━━━━━━━━━━━━━━━━━ 386.5/386.5 kB 24.5 MB/s eta 0:00:00\n"}
,{"stream_name":"stdout","time":17.27519105,"data":"   ━━━━━━━━━━━━━━━━━━━━━━━━━━━━━━━━━━━━━━━━ 2.1/2.1 MB 74.2 MB/s eta 0:00:00\n"}
,{"stream_name":"stdout","time":17.275197283,"data":"   ━━━━━━━━━━━━━━━━━━━━━━━━━━━━━━━━━━━━━━━━ 248.5/248.5 kB 17.1 MB/s eta 0:00:00\n"}
,{"stream_name":"stderr","time":49.978252573,"data":"ERROR: pip's dependency resolver does not currently take into account all the packages that are installed. This behaviour is the source of the following dependency conflicts.\n"}
,{"stream_name":"stderr","time":49.978305276,"data":"bigframes 2.39.0 requires google-cloud-bigquery-storage\u003c3.0.0,\u003e=2.30.0, which is not installed.\n"}
,{"stream_name":"stderr","time":49.978312718,"data":"google-adk 1.29.0 requires google-cloud-bigquery-storage\u003e=2.0.0, which is not installed.\n"}
,{"stream_name":"stderr","time":49.978317867,"data":"ydata-profiling 4.18.4 requires numpy\u003c2.4,\u003e=1.22, but you have numpy 2.4.6 which is incompatible.\n"}
,{"stream_name":"stderr","time":49.978324826,"data":"ydata-profiling 4.18.4 requires scipy\u003c1.17,\u003e=1.8, but you have scipy 1.17.1 which is incompatible.\n"}
,{"stream_name":"stderr","time":49.978333342,"data":"google-colab 1.0.0 requires jupyter-server==2.14.0, but you have jupyter-server 2.12.5 which is incompatible.\n"}
,{"stream_name":"stderr","time":49.97835354,"data":"google-colab 1.0.0 requires pandas==2.2.2, but you have pandas 2.3.3 which is incompatible.\n"}
,{"stream_name":"stderr","time":49.978359006,"data":"dopamine-rl 4.1.2 requires gym\u003c=0.25.2, but you have gym 0.26.2 which is incompatible.\n"}
,{"stream_name":"stderr","time":49.978364864,"data":"moviepy 1.0.3 requires decorator\u003c5.0,\u003e=4.0.2, but you have decorator 5.3.1 which is incompatible.\n"}
,{"stream_name":"stderr","time":49.97842297,"data":"bigframes 2.39.0 requires rich\u003c14,\u003e=12.4.4, but you have rich 14.3.4 which is incompatible.\n"}
,{"stream_name":"stderr","time":49.97843749,"data":"numba 0.60.0 requires numpy\u003c2.1,\u003e=1.22, but you have numpy 2.4.6 which is incompatible.\n"}
,{"stream_name":"stderr","time":49.978443706,"data":"gradio 5.50.0 requires pillow\u003c12.0,\u003e=8.0, but you have pillow 12.1.1 which is incompatible.\n"}
,{"stream_name":"stderr","time":49.978449309,"data":"gradio 5.50.0 requires pydantic\u003c=2.12.3,\u003e=2.0, but you have pydantic 2.13.4 which is incompatible.\n"}
,{"stream_name":"stderr","time":50.183319749,"data":"ERROR: pip's dependency resolver does not currently take into account all the packages that are installed. This behaviour is the source of the following dependency conflicts.\n"}
,{"stream_name":"stderr","time":50.183350321,"data":"bigframes 2.39.0 requires google-cloud-bigquery-storage\u003c3.0.0,\u003e=2.30.0, which is not installed.\n"}
,{"stream_name":"stderr","time":50.183357151,"data":"google-adk 1.29.0 requires google-cloud-bigquery-storage\u003e=2.0.0, which is not installed.\n"}
,{"stream_name":"stderr","time":50.183377255,"data":"ydata-profiling 4.18.4 requires numpy\u003c2.4,\u003e=1.22, but you have numpy 2.4.6 which is incompatible.\n"}
,{"stream_name":"stderr","time":50.183380331,"data":"ydata-profiling 4.18.4 requires scipy\u003c1.17,\u003e=1.8, but you have scipy 1.17.1 which is incompatible.\n"}
,{"stream_name":"stderr","time":50.183382928,"data":"google-colab 1.0.0 requires jupyter-server==2.14.0, but you have jupyter-server 2.12.5 which is incompatible.\n"}
,{"stream_name":"stderr","time":50.183385333,"data":"google-colab 1.0.0 requires pandas==2.2.2, but you have pandas 2.3.3 which is incompatible.\n"}
,{"stream_name":"stderr","time":50.183387637,"data":"dopamine-rl 4.1.2 requires gym\u003c=0.25.2, but you have gym 0.26.2 which is incompatible.\n"}
,{"stream_name":"stderr","time":50.183390051,"data":"moviepy 1.0.3 requires decorator\u003c5.0,\u003e=4.0.2, but you have decorator 5.3.1 which is incompatible.\n"}
,{"stream_name":"stderr","time":50.183392769,"data":"bigframes 2.39.0 requires rich\u003c14,\u003e=12.4.4, but you have rich 14.3.4 which is incompatible.\n"}
,{"stream_name":"stderr","time":50.183395192,"data":"numba 0.60.0 requires numpy\u003c2.1,\u003e=1.22, but you have numpy 2.4.6 which is incompatible.\n"}
,{"stream_name":"stderr","time":50.183397591,"data":"gradio 5.50.0 requires pillow\u003c12.0,\u003e=8.0, but you have pillow 12.1.1 which is incompatible.\n"}
,{"stream_name":"stderr","time":50.183400057,"data":"gradio 5.50.0 requires pydantic\u003c=2.12.3,\u003e=2.0, but you have pydantic 2.13.4 which is incompatible.\n"}
,{"stream_name":"stderr","time":50.183402635,"data":"\n"}
,{"stream_name":"stderr","time":50.18340491,"data":"ERROR: pip's dependency resolver does not currently take into account all the packages that are installed. This behaviour is the source of the following dependency conflicts.\n"}
,{"stream_name":"stderr","time":50.183407434,"data":"bigframes 2.39.0 requires google-cloud-bigquery-storage\u003c3.0.0,\u003e=2.30.0, which is not installed.\n"}
,{"stream_name":"stderr","time":50.183409899,"data":"google-adk 1.29.0 requires google-cloud-bigquery-storage\u003e=2.0.0, which is not installed.\n"}
,{"stream_name":"stderr","time":50.183412409,"data":"ydata-profiling 4.18.4 requires numpy\u003c2.4,\u003e=1.22, but you have numpy 2.4.6 which is incompatible.\n"}
,{"stream_name":"stderr","time":50.183414843,"data":"ydata-profiling 4.18.4 requires scipy\u003c1.17,\u003e=1.8, but you have scipy 1.17.1 which is incompatible.\n"}
,{"stream_name":"stderr","time":50.183417257,"data":"google-colab 1.0.0 requires jupyter-server==2.14.0, but you have jupyter-server 2.12.5 which is incompatible.\n"}
,{"stream_name":"stderr","time":50.183420604,"data":"google-colab 1.0.0 requires pandas==2.2.2, but you have pandas 2.3.3 which is incompatible.\n"}
,{"stream_name":"stderr","time":50.183423079,"data":"dopamine-rl 4.1.2 requires gym\u003c=0.25.2, but you have gym 0.26.2 which is incompatible.\n"}
,{"stream_name":"stderr","time":50.183425488,"data":"moviepy 1.0.3 requires decorator\u003c5.0,\u003e=4.0.2, but you have decorator 5.3.1 which is incompatible.\n"}
,{"stream_name":"stderr","time":50.183427926,"data":"bigframes 2.39.0 requires rich\u003c14,\u003e=12.4.4, but you have rich 14.3.4 which is incompatible.\n"}
,{"stream_name":"stderr","time":50.183430308,"data":"numba 0.60.0 requires numpy\u003c2.1,\u003e=1.22, but you have numpy 2.4.6 which is incompatible.\n"}
,{"stream_name":"stderr","time":50.183432704,"data":"gradio 5.50.0 requires pillow\u003c12.0,\u003e=8.0, but you have pillow 12.1.1 which is incompatible.\n"}
,{"stream_name":"stderr","time":50.183435121,"data":"gradio 5.50.0 requires pydantic\u003c=2.12.3,\u003e=2.0, but you have pydantic 2.13.4 which is incompatible.\n"}
,{"stream_name":"stderr","time":61.900905074,"data":"Cloning into '/tmp/qdgrasp_repo'...\n"}
,{"stream_name":"stderr","time":62.103338941,"data":"Cloning into '/tmp/qdgrasp_repo'...\n"}
,{"stream_name":"stderr","time":62.103380425,"data":"\n"}
,{"stream_name":"stderr","time":62.10338621,"data":"Cloning into '/tmp/qdgrasp_repo'...\n"}
,{"stream_name":"stderr","time":63.272071665,"data":"From https://github.com/ninicom/qdgrasp\n"}
,{"stream_name":"stderr","time":63.272099509,"data":" * branch            1a89470adf599e46bc004dc8a4ae8dca53f234d0 -\u003e FETCH_HEAD\n"}
,{"stream_name":"stderr","time":63.474347053,"data":"From https://github.com/ninicom/qdgrasp\n"}
,{"stream_name":"stderr","time":63.474387004,"data":" * branch            1a89470adf599e46bc004dc8a4ae8dca53f234d0 -\u003e FETCH_HEAD\n"}
,{"stream_name":"stderr","time":63.474392386,"data":"\n"}
,{"stream_name":"stderr","time":63.474395541,"data":"From https://github.com/ninicom/qdgrasp\n"}
,{"stream_name":"stderr","time":63.474398686,"data":" * branch            1a89470adf599e46bc004dc8a4ae8dca53f234d0 -\u003e FETCH_HEAD\n"}
,{"stream_name":"stderr","time":64.787106623,"data":"HEAD is now at 1a89470 fix(dynamic): stop reporting untested capabilities as supported\n"}
,{"stream_name":"stderr","time":64.792307127,"data":"Cloning into '/tmp/robot-assets/mujoco-menagerie'...\n"}
,{"stream_name":"stderr","time":64.98950433,"data":"HEAD is now at 1a89470 fix(dynamic): stop reporting untested capabilities as supported\n"}
,{"stream_name":"stderr","time":64.989542704,"data":"Cloning into '/tmp/robot-assets/mujoco-menagerie'...\n"}
,{"stream_name":"stderr","time":64.989547103,"data":"\n"}
,{"stream_name":"stderr","time":64.989550905,"data":"HEAD is now at 1a89470 fix(dynamic): stop reporting untested capabilities as supported\n"}
,{"stream_name":"stderr","time":64.989587139,"data":"Cloning into '/tmp/robot-assets/mujoco-menagerie'...\n"}
,{"stream_name":"stderr","time":66.611942622,"data":"From https://github.com/google-deepmind/mujoco_menagerie\n"}
,{"stream_name":"stderr","time":66.611975844,"data":" * branch            da76818e269b82289eba39808e2fb91d679d6994 -\u003e FETCH_HEAD\n"}
,{"stream_name":"stderr","time":66.814222713,"data":"From https://github.com/google-deepmind/mujoco_menagerie\n"}
,{"stream_name":"stderr","time":66.814261411,"data":" * branch            da76818e269b82289eba39808e2fb91d679d6994 -\u003e FETCH_HEAD\n"}
,{"stream_name":"stderr","time":66.814267574,"data":"\n"}
,{"stream_name":"stderr","time":66.814271923,"data":"From https://github.com/google-deepmind/mujoco_menagerie\n"}
,{"stream_name":"stderr","time":66.814282382,"data":" * branch            da76818e269b82289eba39808e2fb91d679d6994 -\u003e FETCH_HEAD\n"}
,{"stream_name":"stderr","time":177.266076574,"data":"HEAD is now at da76818 Add Seeed Studio reBot DevArm (RobStride) (#300)\n"}
,{"stream_name":"stdout","time":177.31139131,"data":"Pinned QDGrasp revision: 1a89470adf599e46bc004dc8a4ae8dca53f234d0\n"}
,{"stream_name":"stdout","time":177.311435086,"data":"Pinned Menagerie revision: da76818e269b82289eba39808e2fb91d679d6994\n"}
,{"stream_name":"stderr","time":177.312375892,"data":"HEAD is now at da76818 Add Seeed Studio reBot DevArm (RobStride) (#300)\n"}
,{"stream_name":"stderr","time":177.312392317,"data":"\n"}
,{"stream_name":"stderr","time":177.312402225,"data":"HEAD is now at da76818 Add Seeed Studio reBot DevArm (RobStride) (#300)\n"}
,{"stream_name":"stdout","time":181.968601017,"data":"GPU: Tesla T4\n"}
,{"stream_name":"stdout","time":181.968644946,"data":"capability: 7.5\n"}
,{"stream_name":"stdout","time":181.968661465,"data":"VRAM GiB: 14.56\n"}
,{"stream_name":"stdout","time":181.968664276,"data":"torch: 2.10.0+cu128 | cuda build: 12.8\n"}
,{"stream_name":"stdout","time":182.169733598,"data":"======================================================================\n"}
,{"stream_name":"stdout","time":182.169927416,"data":"running scripts/phase1_cuda_smoke.py\n"}
,{"stream_name":"stdout","time":209.802654623,"data":"{\n"}
,{"stream_name":"stdout","time":209.80274711,"data":"  \"checks\": {\n"}
,{"stream_name":"stdout","time":209.802755852,"data":"    \"amp\": {\n"}
,{"stream_name":"stdout","time":209.802760808,"data":"      \"final_loss\": 0.924542248249054,\n"}
,{"stream_name":"stdout","time":209.802765736,"data":"      \"precision\": \"16-mixed\",\n"}
,{"stream_name":"stdout","time":209.802770816,"data":"      \"steps\": 8\n"}
,{"stream_name":"stdout","time":209.80277541,"data":"    },\n"}
,{"stream_name":"stdout","time":209.802780285,"data":"    \"cpu_cuda_fp32_parity\": {\n"}
,{"stream_name":"stdout","time":209.802785273,"data":"      \"tolerance\": 0.0001,\n"}
,{"stream_name":"stdout","time":209.802790146,"data":"      \"translation_max_abs_deviation\": 2.9802322387695312e-08\n"}
,{"stream_name":"stdout","time":209.802795203,"data":"    },\n"}
,{"stream_name":"stdout","time":209.802799835,"data":"    \"export\": {\n"}
,{"stream_name":"stdout","time":209.802804834,"data":"      \"artifact_sha256\": \"b22061a524627b71bfc4f73d6f749471b3bd2eacee9325cadfb41681465ec4f8\",\n"}
,{"stream_name":"stdout","time":209.802809937,"data":"      \"format\": \"torchscript\",\n"}
,{"stream_name":"stdout","time":209.802814824,"data":"      \"round_trip_max_abs_deviation\": {\n"}
,{"stream_name":"stdout","time":209.802820103,"data":"        \"joints\": 0.0,\n"}
,{"stream_name":"stdout","time":209.802826157,"data":"        \"rotation\": 0.0,\n"}
,{"stream_name":"stdout","time":209.802831225,"data":"        \"score\": 0.0,\n"}
,{"stream_name":"stdout","time":209.802836086,"data":"        \"translation\": 0.0\n"}
,{"stream_name":"stdout","time":209.802841608,"data":"      }\n"}
,{"stream_name":"stdout","time":209.802846737,"data":"    },\n"}
,{"stream_name":"stdout","time":209.802851675,"data":"    \"fp32\": {\n"}
,{"stream_name":"stdout","time":209.802856897,"data":"      \"bundle_hash\": \"a32a4be3716ea6b140d1a1ad90baebf21bc5e9af8d92bfc393ac4ab89190c024\",\n"}
,{"stream_name":"stdout","time":209.802862466,"data":"      \"effective_runtime\": {\n"}
,{"stream_name":"stdout","time":209.802867793,"data":"        \"accelerator\": \"cuda\",\n"}
,{"stream_name":"stdout","time":209.802873092,"data":"        \"amp\": false,\n"}
,{"stream_name":"stdout","time":209.8028782,"data":"        \"deterministic\": true,\n"}
,{"stream_name":"stdout","time":209.802883284,"data":"        \"device\": \"cuda:0\",\n"}
,{"stream_name":"stdout","time":209.802888255,"data":"        \"device_index\": 0,\n"}
,{"stream_name":"stdout","time":209.802894011,"data":"        \"precision\": \"32-true\",\n"}
,{"stream_name":"stdout","time":209.802899046,"data":"        \"seed\": 0,\n"}
,{"stream_name":"stdout","time":209.802904421,"data":"        \"workers\": 0\n"}
,{"stream_name":"stdout","time":209.802909952,"data":"      },\n"}
,{"stream_name":"stdout","time":209.802915239,"data":"      \"final_loss\": 0.9242877960205078,\n"}
,{"stream_name":"stdout","time":209.802920115,"data":"      \"metrics\": {\n"}
,{"stream_name":"stdout","time":209.802925608,"data":"        \"joint_error\": 0.41669104993343353,\n"}
,{"stream_name":"stdout","time":209.802930923,"data":"        \"loss\": 0.9307821393013,\n"}
,{"stream_name":"stdout","time":209.802951149,"data":"        \"rotation_error\": 2.5891536474227905,\n"}
,{"stream_name":"stdout","time":209.80295587,"data":"        \"translation_error\": 0.1449953019618988\n"}
,{"stream_name":"stdout","time":209.802960275,"data":"      },\n"}
,{"stream_name":"stdout","time":209.802964083,"data":"      \"steps\": 8\n"}
,{"stream_name":"stdout","time":209.802968517,"data":"    },\n"}
,{"stream_name":"stdout","time":209.80297229,"data":"    \"predict\": {\n"}
,{"stream_name":"stdout","time":209.802976601,"data":"      \"count\": 4,\n"}
,{"stream_name":"stdout","time":209.802980639,"data":"      \"device\": \"cuda:0\",\n"}
,{"stream_name":"stdout","time":209.802985146,"data":"      \"joints_within_limits\": true,\n"}
,{"stream_name":"stdout","time":209.802989411,"data":"      \"rotation_finite\": true\n"}
,{"stream_name":"stdout","time":209.802993245,"data":"    },\n"}
,{"stream_name":"stdout","time":209.802997451,"data":"    \"resume\": {\n"}
,{"stream_name":"stdout","time":209.803001188,"data":"      \"bit_exact\": true,\n"}
,{"stream_name":"stdout","time":209.803005694,"data":"      \"continuous\": [\n"}
,{"stream_name":"stdout","time":209.803009839,"data":"        [\n"}
,{"stream_name":"stdout","time":209.803013762,"data":"          1,\n"}
,{"stream_name":"stdout","time":209.803017806,"data":"          0.9393895268440247\n"}
,{"stream_name":"stdout","time":209.803022,"data":"        ],\n"}
,{"stream_name":"stdout","time":209.803025721,"data":"        [\n"}
,{"stream_name":"stdout","time":209.803029944,"data":"          2,\n"}
,{"stream_name":"stdout","time":209.803033665,"data":"          0.97804856300354\n"}
,{"stream_name":"stdout","time":209.803038209,"data":"        ],\n"}
,{"stream_name":"stdout","time":209.803042141,"data":"        [\n"}
,{"stream_name":"stdout","time":209.803046175,"data":"          3,\n"}
,{"stream_name":"stdout","time":209.803050211,"data":"          0.9233159422874451\n"}
,{"stream_name":"stdout","time":209.803054006,"data":"        ],\n"}
,{"stream_name":"stdout","time":209.803058502,"data":"        [\n"}
,{"stream_name":"stdout","time":209.803062217,"data":"          4,\n"}
,{"stream_name":"stdout","time":209.803066666,"data":"          0.8918845057487488\n"}
,{"stream_name":"stdout","time":209.803070619,"data":"        ],\n"}
,{"stream_name":"stdout","time":209.803074779,"data":"        [\n"}
,{"stream_name":"stdout","time":209.803078657,"data":"          5,\n"}
,{"stream_name":"stdout","time":209.80308234,"data":"          0.8363461494445801\n"}
,{"stream_name":"stdout","time":209.803086438,"data":"        ],\n"}
,{"stream_name":"stdout","time":209.803090227,"data":"        [\n"}
,{"stream_name":"stdout","time":209.803094501,"data":"          6,\n"}
,{"stream_name":"stdout","time":209.803098248,"data":"          0.8143664002418518\n"}
,{"stream_name":"stdout","time":209.803102342,"data":"        ],\n"}
,{"stream_name":"stdout","time":209.803106306,"data":"        [\n"}
,{"stream_name":"stdout","time":209.803109992,"data":"          7,\n"}
,{"stream_name":"stdout","time":209.803114176,"data":"          0.8932704925537109\n"}
,{"stream_name":"stdout","time":209.803117928,"data":"        ],\n"}
,{"stream_name":"stdout","time":209.803122273,"data":"        [\n"}
,{"stream_name":"stdout","time":209.803126119,"data":"          8,\n"}
,{"stream_name":"stdout","time":209.803130599,"data":"          0.9242877960205078\n"}
,{"stream_name":"stdout","time":209.803134356,"data":"        ]\n"}
,{"stream_name":"stdout","time":209.803142088,"data":"      ],\n"}
,{"stream_name":"stdout","time":209.803145987,"data":"      \"resumed\": [\n"}
,{"stream_name":"stdout","time":209.803149707,"data":"        [\n"}
,{"stream_name":"stdout","time":209.803153912,"data":"          1,\n"}
,{"stream_name":"stdout","time":209.803157611,"data":"          0.9393895268440247\n"}
,{"stream_name":"stdout","time":209.803161557,"data":"        ],\n"}
,{"stream_name":"stdout","time":209.803165548,"data":"        [\n"}
,{"stream_name":"stdout","time":209.803169106,"data":"          2,\n"}
,{"stream_name":"stdout","time":209.803173265,"data":"          0.97804856300354\n"}
,{"stream_name":"stdout","time":209.803177019,"data":"        ],\n"}
,{"stream_name":"stdout","time":209.803181349,"data":"        [\n"}
,{"stream_name":"stdout","time":209.803185008,"data":"          3,\n"}
,{"stream_name":"stdout","time":209.803191315,"data":"          0.9233159422874451\n"}
,{"stream_name":"stdout","time":209.803195121,"data":"        ],\n"}
,{"stream_name":"stdout","time":209.803199443,"data":"        [\n"}
,{"stream_name":"stdout","time":209.803203025,"data":"          4,\n"}
,{"stream_name":"stdout","time":209.80320704,"data":"          0.8918845057487488\n"}
,{"stream_name":"stdout","time":209.80321107,"data":"        ],\n"}
,{"stream_name":"stdout","time":209.803214814,"data":"        [\n"}
,{"stream_name":"stdout","time":209.803219357,"data":"          5,\n"}
,{"stream_name":"stdout","time":209.803222936,"data":"          0.8363461494445801\n"}
,{"stream_name":"stdout","time":209.803227731,"data":"        ],\n"}
,{"stream_name":"stdout","time":209.803231399,"data":"        [\n"}
,{"stream_name":"stdout","time":209.803235299,"data":"          6,\n"}
,{"stream_name":"stdout","time":209.80323941,"data":"          0.8143664002418518\n"}
,{"stream_name":"stdout","time":209.803243115,"data":"        ],\n"}
,{"stream_name":"stdout","time":209.80324716,"data":"        [\n"}
,{"stream_name":"stdout","time":209.803251085,"data":"          7,\n"}
,{"stream_name":"stdout","time":209.803255257,"data":"          0.8932704925537109\n"}
,{"stream_name":"stdout","time":209.803259527,"data":"        ],\n"}
,{"stream_name":"stdout","time":209.803263479,"data":"        [\n"}
,{"stream_name":"stdout","time":209.803266824,"data":"          8,\n"}
,{"stream_name":"stdout","time":209.803270114,"data":"          0.9242877960205078\n"}
,{"stream_name":"stdout","time":209.803274142,"data":"        ]\n"}
,{"stream_name":"stdout","time":209.803278859,"data":"      ]\n"}
,{"stream_name":"stdout","time":209.803282511,"data":"    }\n"}
,{"stream_name":"stdout","time":209.803286858,"data":"  },\n"}
,{"stream_name":"stdout","time":209.803291081,"data":"  \"created_utc\": \"2026-08-27T06:27:13+00:00\",\n"}
,{"stream_name":"stdout","time":209.803295086,"data":"  \"environment\": {\n"}
,{"stream_name":"stdout","time":209.803299384,"data":"    \"cuda_available\": true,\n"}
,{"stream_name":"stdout","time":209.803303187,"data":"    \"cuda_build\": \"12.8\",\n"}
,{"stream_name":"stdout","time":209.803308115,"data":"    \"cuda_device_count\": 2,\n"}
,{"stream_name":"stdout","time":209.803311935,"data":"    \"cuda_device_name\": \"Tesla T4\",\n"}
,{"stream_name":"stdout","time":209.803316143,"data":"    \"python\": \"3.12.13\",\n"}
,{"stream_name":"stdout","time":209.80332071,"data":"    \"torch\": \"2.10.0+cu128\"\n"}
,{"stream_name":"stdout","time":209.803324732,"data":"  },\n"}
,{"stream_name":"stdout","time":209.803328155,"data":"  \"payload_sha256\": \"be2d3dced47bfab3fb14b467d97dec29cce13fef7696c25dbaa77a0d077f4468\",\n"}
,{"stream_name":"stdout","time":209.803336041,"data":"  \"qdgrasp_version\": \"0.1.0a1\",\n"}
,{"stream_name":"stdout","time":209.803340074,"data":"  \"schema\": \"qdgrasp/evidence/phase1-cuda/v1\"\n"}
,{"stream_name":"stdout","time":209.803346447,"data":"}\n"}
,{"stream_name":"stdout","time":209.803350078,"data":"evidence written to /tmp/phase1_cuda_evidence.json\n"}
,{"stream_name":"stdout","time":209.803353835,"data":"\n"}
,{"stream_name":"stdout","time":209.803357536,"data":"======================================================================\n"}
,{"stream_name":"stdout","time":209.803361523,"data":"running scripts/phase2_cuda_fk_parity.py\n"}
,{"stream_name":"stderr","time":209.80380683,"data":"Using 16-bit Automatic Mixed Precision (AMP)\n"}
,{"stream_name":"stderr","time":209.803827039,"data":"INFO qdgrasp.engine: resumed from runs/cuda-part/resume.pt at step 4\n"}
,{"stream_name":"stderr","time":209.80383182,"data":"\n"}
,{"stream_name":"stderr","time":209.803835574,"data":"\n"}
,{"stream_name":"stderr","time":209.80384223,"data":"Using 16-bit Automatic Mixed Precision (AMP)\n"}
,{"stream_name":"stderr","time":209.803846499,"data":"INFO qdgrasp.engine: resumed from runs/cuda-part/resume.pt at step 4\n"}
,{"stream_name":"stderr","time":209.803850878,"data":"\n"}
,{"stream_name":"stdout","time":221.465668605,"data":"Wrote CUDA FK parity evidence to /tmp/phase2_cuda_evidence.json\n"}
,{"stream_name":"stdout","time":221.465704518,"data":"{\n"}
,{"stream_name":"stdout","time":221.465709279,"data":"  \"device\": \"cuda:0\",\n"}
,{"stream_name":"stdout","time":221.465726139,"data":"  \"environment\": {\n"}
,{"stream_name":"stdout","time":221.465731547,"data":"    \"cuda_available\": true,\n"}
,{"stream_name":"stdout","time":221.465736408,"data":"    \"cuda_build\": \"12.8\",\n"}
,{"stream_name":"stdout","time":221.465741925,"data":"    \"cuda_device_count\": 2,\n"}
,{"stream_name":"stdout","time":221.465746698,"data":"    \"cuda_device_name\": \"Tesla T4\",\n"}
,{"stream_name":"stdout","time":221.46575108,"data":"    \"python\": \"3.12.13\",\n"}
,{"stream_name":"stdout","time":221.465755415,"data":"    \"torch\": \"2.10.0+cu128\"\n"}
,{"stream_name":"stdout","time":221.46575978,"data":"  },\n"}
,{"stream_name":"stdout","time":221.465763963,"data":"  \"max_deviation_overall\": 2.384185791015625e-07,\n"}
,{"stream_name":"stdout","time":221.465774033,"data":"  \"parity_threshold\": 0.0001,\n"}
,{"stream_name":"stdout","time":221.465777513,"data":"  \"pass\": true,\n"}
,{"stream_name":"stdout","time":221.465780509,"data":"  \"profile_hashes\": {\n"}
,{"stream_name":"stdout","time":221.465783526,"data":"    \"leap_hand.yaml\": \"7f002e8e70028ac5ff62dedb2602d23dbc1f3603f28187d58a7078e9ffcea7ba\",\n"}
,{"stream_name":"stdout","time":221.465786685,"data":"    \"shadow_hand.yaml\": \"afde7a6a3aab3d560b06d695f23c70d012438b230f7846e1c72f68adc8b84dd1\",\n"}
,{"stream_name":"stdout","time":221.465790085,"data":"    \"wonik_allegro.yaml\": \"c2539640ca6ec35c37131bb09930c57102a7a6d2bb3351bdaf1924079bac3ef7\"\n"}
,{"stream_name":"stdout","time":221.465793148,"data":"  },\n"}
,{"stream_name":"stdout","time":221.46579591,"data":"  \"results\": {\n"}
,{"stream_name":"stdout","time":221.465798795,"data":"    \"leap_hand.yaml\": {\n"}
,{"stream_name":"stdout","time":221.465801757,"data":"      \"fingertip_deviation\": 7.450580596923828e-09,\n"}
,{"stream_name":"stdout","time":221.465804801,"data":"      \"max_link_deviation\": 1.1920928955078125e-07\n"}
,{"stream_name":"stdout","time":221.465808345,"data":"    },\n"}
,{"stream_name":"stdout","time":221.46583356,"data":"    \"shadow_hand.yaml\": {\n"}
,{"stream_name":"stdout","time":221.465838186,"data":"      \"fingertip_deviation\": 1.1920928955078125e-07,\n"}
,{"stream_name":"stdout","time":221.465841771,"data":"      \"max_link_deviation\": 2.384185791015625e-07\n"}
,{"stream_name":"stdout","time":221.465845061,"data":"    },\n"}
,{"stream_name":"stdout","time":221.465848235,"data":"    \"wonik_allegro.yaml\": {\n"}
,{"stream_name":"stdout","time":221.465851583,"data":"      \"fingertip_deviation\": 2.9802322387695312e-08,\n"}
,{"stream_name":"stdout","time":221.465855043,"data":"      \"max_link_deviation\": 1.1920928955078125e-07\n"}
,{"stream_name":"stdout","time":221.465858421,"data":"    }\n"}
,{"stream_name":"stdout","time":221.465861533,"data":"  },\n"}
,{"stream_name":"stdout","time":221.465865192,"data":"  \"schema\": \"qdgrasp/evidence/phase2-cuda-fk/v1\"\n"}
,{"stream_name":"stdout","time":221.465868757,"data":"}\n"}
,{"stream_name":"stdout","time":221.465871874,"data":"Phase 2 CUDA FK parity: PASS\n"}
,{"stream_name":"stdout","time":221.46587525,"data":"\n"}
,{"stream_name":"stderr","time":221.466495705,"data":"\n"}
,{"stream_name":"stderr","time":221.466503792,"data":"\n"}
,{"stream_name":"stderr","time":221.466507292,"data":"\n"}
,{"stream_name":"stdout","time":232.500222459,"data":"install returncode: 0\n"}
,{"stream_name":"stdout","time":232.500257392,"data":"   ━━━━━━━━━━━━━━━━━━━━━━━━━━━━━━━━━━━━━━━━ 163.1/163.1 MB 11.6 MB/s eta 0:00:00\n"}
,{"stream_name":"stdout","time":232.500264337,"data":"   ━━━━━━━━━━━━━━━━━━━━━━━━━━━━━━━━━━━━━━━━ 2.2/2.2 MB 30.5 MB/s eta 0:00:00\n"}
,{"stream_name":"stdout","time":232.500269582,"data":"\n"}
,{"stream_name":"stdout","time":232.500275132,"data":"warp           available\n"}
,{"stream_name":"stdout","time":232.500279461,"data":"mujoco_warp    available\n"}
,{"stream_name":"stdout","time":232.500284306,"data":"mujoco.mjx     NOT installed\n"}
,{"stream_name":"stderr","time":232.501376437,"data":"\n"}
,{"stream_name":"stderr","time":232.501398451,"data":"\n"}
,{"stream_name":"stderr","time":232.501403974,"data":"\n"}
,{"stream_name":"stdout","time":243.701105643,"data":",\n"}
,{"stream_name":"stdout","time":243.701140544,"data":"        \"options\": {\n"}
,{"stream_name":"stdout","time":243.701159093,"data":"          \"cone\": 1,\n"}
,{"stream_name":"stdout","time":243.701164595,"data":"          \"integrator\": \"mjINT_IMPLICITFAST\",\n"}
,{"stream_name":"stdout","time":243.701169951,"data":"          \"iterations\": 100,\n"}
,{"stream_name":"stdout","time":243.701174819,"data":"          \"jacobian\": 2,\n"}
,{"stream_name":"stdout","time":243.701179918,"data":"          \"ls_iterations\": 50,\n"}
,{"stream_name":"stdout","time":243.701185018,"data":"          \"solver\": \"mjSOL_NEWTON\",\n"}
,{"stream_name":"stdout","time":243.701189627,"data":"          \"timestep\": 0.002\n"}
,{"stream_name":"stdout","time":243.701193971,"data":"        },\n"}
,{"stream_name":"stdout","time":243.701198148,"data":"        \"sizes\": {\n"}
,{"stream_name":"stdout","time":243.701202521,"data":"          \"nbody\": 20,\n"}
,{"stream_name":"stdout","time":243.701208566,"data":"          \"nconmax\": -1,\n"}
,{"stream_name":"stdout","time":243.701215731,"data":"          \"neq\": 1,\n"}
,{"stream_name":"stdout","time":243.701218861,"data":"          \"ngeom\": 90,\n"}
,{"stream_name":"stdout","time":243.701233307,"data":"          \"njnt\": 18,\n"}
,{"stream_name":"stdout","time":243.701235912,"data":"          \"nmocap\": 1,\n"}
,{"stream_name":"stdout","time":243.701238199,"data":"          \"nq\": 30,\n"}
,{"stream_name":"stdout","time":243.701240406,"data":"          \"nsensor\": 16,\n"}
,{"stream_name":"stdout","time":243.701242614,"data":"          \"ntendon\": 0,\n"}
,{"stream_name":"stdout","time":243.701245331,"data":"          \"nu\": 16,\n"}
,{"stream_name":"stdout","time":243.701260954,"data":"          \"nv\": 28\n"}
,{"stream_name":"stdout","time":243.701264907,"data":"        },\n"}
,{"stream_name":"stdout","time":243.701268853,"data":"        \"uses_equality_weld\": true,\n"}
,{"stream_name":"stdout","time":243.70127258,"data":"        \"uses_mocap\": true,\n"}
,{"stream_name":"stdout","time":243.701276823,"data":"        \"uses_tendon\": false\n"}
,{"stream_name":"stdout","time":243.701280584,"data":"      }\n"}
,{"stream_name":"stdout","time":243.701283818,"data":"    },\n"}
,{"stream_name":"stdout","time":243.70128696,"data":"    \"shadow_hand\": {\n"}
,{"stream_name":"stdout","time":243.701290087,"data":"      \"contact_observation\": {\n"}
,{"stream_name":"stdout","time":243.701293501,"data":"        \"contacts_after_settle\": 5,\n"}
,{"stream_name":"stdout","time":243.70129689,"data":"        \"mj_contactForce_readable\": true,\n"}
,{"stream_name":"stdout","time":243.701300284,"data":"        \"requires_contact_geom_pair_identity\": true,\n"}
,{"stream_name":"stdout","time":243.701303738,"data":"        \"requires_per_contact_force\": true,\n"}
,{"stream_name":"stdout","time":243.701307119,"data":"        \"requires_per_contact_frame\": true\n"}
,{"stream_name":"stdout","time":243.701310405,"data":"      },\n"}
,{"stream_name":"stdout","time":243.701313737,"data":"      \"features\": {\n"}
,{"stream_name":"stdout","time":243.701317088,"data":"        \"actuator_dynamics\": {\n"}
,{"stream_name":"stdout","time":243.701320387,"data":"          \"mjDYN_NONE\": 20\n"}
,{"stream_name":"stdout","time":243.701325361,"data":"        },\n"}
,{"stream_name":"stdout","time":243.701331348,"data":"        \"actuator_transmission\": {\n"}
,{"stream_name":"stdout","time":243.701333653,"data":"          \"mjTRN_JOINT\": 16,\n"}
,{"stream_name":"stdout","time":243.701335872,"data":"          \"mjTRN_TENDON\": 4\n"}
,{"stream_name":"stdout","time":243.701338068,"data":"        },\n"}
,{"stream_name":"stdout","time":243.701340203,"data":"        \"equality_types\": {\n"}
,{"stream_name":"stdout","time":243.701342496,"data":"          \"mjEQ_WELD\": 1\n"}
,{"stream_name":"stdout","time":243.701357275,"data":"        },\n"}
,{"stream_name":"stdout","time":243.701361154,"data":"        \"geom_types\": {\n"}
,{"stream_name":"stdout","time":243.701365233,"data":"          \"mjGEOM_BOX\": 13,\n"}
,{"stream_name":"stdout","time":243.701369456,"data":"          \"mjGEOM_CAPSULE\": 10,\n"}
,{"stream_name":"stdout","time":243.701373574,"data":"          \"mjGEOM_CYLINDER\": 7,\n"}
,{"stream_name":"stdout","time":243.701377161,"data":"          \"mjGEOM_MESH\": 30,\n"}
,{"stream_name":"stdout","time":243.701380513,"data":"          \"mjGEOM_PLANE\": 1,\n"}
,{"stream_name":"stdout","time":243.701383853,"data":"          \"mjGEOM_SPHERE\": 3\n"}
,{"stream_name":"stdout","time":243.701387217,"data":"        },\n"}
,{"stream_name":"stdout","time":243.701390388,"data":"        \"joint_types\": {\n"}
,{"stream_name":"stdout","time":243.701393778,"data":"          \"mjJNT_FREE\": 2,\n"}
,{"stream_name":"stdout","time":243.701401056,"data":"          \"mjJNT_HINGE\": 24\n"}
,{"stream_name":"stdout","time":243.701404477,"data":"        },\n"}
,{"stream_name":"stdout","time":243.701407708,"data":"        \"options\": {\n"}
,{"stream_name":"stdout","time":243.701410978,"data":"          \"cone\": 1,\n"}
,{"stream_name":"stdout","time":243.701414293,"data":"          \"integrator\": \"mjINT_EULER\",\n"}
,{"stream_name":"stdout","time":243.701417741,"data":"          \"iterations\": 100,\n"}
,{"stream_name":"stdout","time":243.701421076,"data":"          \"jacobian\": 2,\n"}
,{"stream_name":"stdout","time":243.701424449,"data":"          \"ls_iterations\": 50,\n"}
,{"stream_name":"stdout","time":243.701427946,"data":"          \"solver\": \"mjSOL_NEWTON\",\n"}
,{"stream_name":"stdout","time":243.701437183,"data":"          \"timestep\": 0.002\n"}
,{"stream_name":"stdout","time":243.701440373,"data":"        },\n"}
,{"stream_name":"stdout","time":243.70145463,"data":"        \"sizes\": {\n"}
,{"stream_name":"stdout","time":243.701458633,"data":"          \"nbody\": 28,\n"}
,{"stream_name":"stdout","time":243.701462488,"data":"          \"nconmax\": -1,\n"}
,{"stream_name":"stdout","time":243.701466548,"data":"          \"neq\": 1,\n"}
,{"stream_name":"stdout","time":243.701470454,"data":"          \"ngeom\": 64,\n"}
,{"stream_name":"stdout","time":243.701473762,"data":"          \"njnt\": 26,\n"}
,{"stream_name":"stdout","time":243.701477039,"data":"          \"nmocap\": 1,\n"}
,{"stream_name":"stdout","time":243.701480383,"data":"          \"nq\": 38,\n"}
,{"stream_name":"stdout","time":243.701483679,"data":"          \"nsensor\": 0,\n"}
,{"stream_name":"stdout","time":243.701486914,"data":"          \"ntendon\": 4,\n"}
,{"stream_name":"stdout","time":243.701490253,"data":"          \"nu\": 20,\n"}
,{"stream_name":"stdout","time":243.701493503,"data":"          \"nv\": 36\n"}
,{"stream_name":"stdout","time":243.701496871,"data":"        },\n"}
,{"stream_name":"stdout","time":243.701500114,"data":"        \"uses_equality_weld\": true,\n"}
,{"stream_name":"stdout","time":243.701504705,"data":"        \"uses_mocap\": true,\n"}
,{"stream_name":"stdout","time":243.701508089,"data":"        \"uses_tendon\": true\n"}
,{"stream_name":"stdout","time":243.701511421,"data":"      }\n"}
,{"stream_name":"stdout","time":243.701514614,"data":"    },\n"}
,{"stream_name":"stdout","time":243.701517746,"data":"    \"wonik_allegro\": {\n"}
,{"stream_name":"stdout","time":243.701521066,"data":"      \"contact_observation\": {\n"}
,{"stream_name":"stdout","time":243.701526409,"data":"        \"contacts_after_settle\": 45,\n"}
,{"stream_name":"stdout","time":243.70153315,"data":"        \"mj_contactForce_readable\": true,\n"}
,{"stream_name":"stdout","time":243.701548598,"data":"        \"requires_contact_geom_pair_identity\": true,\n"}
,{"stream_name":"stdout","time":243.701552729,"data":"        \"requires_per_contact_force\": true,\n"}
,{"stream_name":"stdout","time":243.701557033,"data":"        \"requires_per_contact_frame\": true\n"}
,{"stream_name":"stdout","time":243.701579861,"data":"      },\n"}
,{"stream_name":"stdout","time":243.701586673,"data":"      \"features\": {\n"}
,{"stream_name":"stdout","time":243.701590087,"data":"        \"actuator_dynamics\": {\n"}
,{"stream_name":"stdout","time":243.701593531,"data":"          \"mjDYN_NONE\": 16\n"}
,{"stream_name":"stdout","time":243.701596918,"data":"        },\n"}
,{"stream_name":"stdout","time":243.701602555,"data":"        \"actuator_transmission\": {\n"}
,{"stream_name":"stdout","time":243.70160608,"data":"          \"mjTRN_JOINT\": 16\n"}
,{"stream_name":"stdout","time":243.701613288,"data":"        },\n"}
,{"stream_name":"stdout","time":243.701616688,"data":"        \"equality_types\": {\n"}
,{"stream_name":"stdout","time":243.701619963,"data":"          \"mjEQ_WELD\": 1\n"}
,{"stream_name":"stdout","time":243.701623424,"data":"        },\n"}
,{"stream_name":"stdout","time":243.701626654,"data":"        \"geom_types\": {\n"}
,{"stream_name":"stdout","time":243.701630038,"data":"          \"mjGEOM_BOX\": 18,\n"}
,{"stream_name":"stdout","time":243.701633455,"data":"          \"mjGEOM_CAPSULE\": 4,\n"}
,{"stream_name":"stdout","time":243.701638562,"data":"          \"mjGEOM_MESH\": 21,\n"}
,{"stream_name":"stdout","time":243.701645221,"data":"          \"mjGEOM_PLANE\": 1\n"}
,{"stream_name":"stdout","time":243.701648396,"data":"        },\n"}
,{"stream_name":"stdout","time":243.701663183,"data":"        \"joint_types\": {\n"}
,{"stream_name":"stdout","time":243.701667236,"data":"          \"mjJNT_FREE\": 2,\n"}
,{"stream_name":"stdout","time":243.701671318,"data":"          \"mjJNT_HINGE\": 16\n"}
,{"stream_name":"stdout","time":243.701675351,"data":"        },\n"}
,{"stream_name":"stdout","time":243.701679077,"data":"        \"options\": {\n"}
,{"stream_name":"stdout","time":243.701682382,"data":"          \"cone\": 1,\n"}
,{"stream_name":"stdout","time":243.70168572,"data":"          \"integrator\": \"mjINT_EULER\",\n"}
,{"stream_name":"stdout","time":243.701689193,"data":"          \"iterations\": 100,\n"}
,{"stream_name":"stdout","time":243.70169249,"data":"          \"jacobian\": 2,\n"}
,{"stream_name":"stdout","time":243.701695809,"data":"          \"ls_iterations\": 50,\n"}
,{"stream_name":"stdout","time":243.70169924,"data":"          \"solver\": \"mjSOL_NEWTON\",\n"}
,{"stream_name":"stdout","time":243.701702664,"data":"          \"timestep\": 0.002\n"}
,{"stream_name":"stdout","time":243.701705954,"data":"        },\n"}
,{"stream_name":"stdout","time":243.701709195,"data":"        \"sizes\": {\n"}
,{"stream_name":"stdout","time":243.701712485,"data":"          \"nbody\": 24,\n"}
,{"stream_name":"stdout","time":243.701715829,"data":"          \"nconmax\": -1,\n"}
,{"stream_name":"stdout","time":243.701719129,"data":"          \"neq\": 1,\n"}
,{"stream_name":"stdout","time":243.701722447,"data":"          \"ngeom\": 44,\n"}
,{"stream_name":"stdout","time":243.701725809,"data":"          \"njnt\": 18,\n"}
,{"stream_name":"stdout","time":243.701729206,"data":"          \"nmocap\": 1,\n"}
,{"stream_name":"stdout","time":243.701732646,"data":"          \"nq\": 30,\n"}
,{"stream_name":"stdout","time":243.701740833,"data":"          \"nsensor\": 0,\n"}
,{"stream_name":"stdout","time":243.701743678,"data":"          \"ntendon\": 0,\n"}
,{"stream_name":"stdout","time":243.701757425,"data":"          \"nu\": 16,\n"}
,{"stream_name":"stdout","time":243.701761778,"data":"          \"nv\": 28\n"}
,{"stream_name":"stdout","time":243.701765935,"data":"        },\n"}
,{"stream_name":"stdout","time":243.701769883,"data":"        \"uses_equality_weld\": true,\n"}
,{"stream_name":"stdout","time":243.701773833,"data":"        \"uses_mocap\": true,\n"}
,{"stream_name":"stdout","time":243.701777206,"data":"        \"uses_tendon\": false\n"}
,{"stream_name":"stdout","time":243.701780557,"data":"      }\n"}
,{"stream_name":"stdout","time":243.701783684,"data":"    }\n"}
,{"stream_name":"stdout","time":243.701786859,"data":"  },\n"}
,{"stream_name":"stdout","time":243.701790048,"data":"  \"phase\": \"3.4\",\n"}
,{"stream_name":"stdout","time":243.701796638,"data":"  \"required_feature_set\": [\n"}
,{"stream_name":"stdout","time":243.701800206,"data":"    \"actuator_transmission:mjTRN_JOINT\",\n"}
,{"stream_name":"stdout","time":243.701803626,"data":"    \"actuator_transmission:mjTRN_TENDON\",\n"}
,{"stream_name":"stdout","time":243.701806979,"data":"    \"equality:mjEQ_WELD\",\n"}
,{"stream_name":"stdout","time":243.701810312,"data":"    \"geom:mjGEOM_BOX\",\n"}
,{"stream_name":"stdout","time":243.701813631,"data":"    \"geom:mjGEOM_CAPSULE\",\n"}
,{"stream_name":"stdout","time":243.701816939,"data":"    \"geom:mjGEOM_CYLINDER\",\n"}
,{"stream_name":"stdout","time":243.701820247,"data":"    \"geom:mjGEOM_MESH\",\n"}
,{"stream_name":"stdout","time":243.70182354,"data":"    \"geom:mjGEOM_PLANE\",\n"}
,{"stream_name":"stdout","time":243.701826911,"data":"    \"geom:mjGEOM_SPHERE\",\n"}
,{"stream_name":"stdout","time":243.701835141,"data":"    \"integrator:mjINT_EULER\",\n"}
,{"stream_name":"stdout","time":243.701838045,"data":"    \"integrator:mjINT_IMPLICITFAST\",\n"}
,{"stream_name":"stdout","time":243.701852489,"data":"    \"joint:mjJNT_FREE\",\n"}
,{"stream_name":"stdout","time":243.701856893,"data":"    \"joint:mjJNT_HINGE\",\n"}
,{"stream_name":"stdout","time":243.701860695,"data":"    \"mocap_body\",\n"}
,{"stream_name":"stdout","time":243.70186479,"data":"    \"solver:mjSOL_NEWTON\",\n"}
,{"stream_name":"stdout","time":243.701868788,"data":"    \"tendon_transmission\"\n"}
,{"stream_name":"stdout","time":243.701872248,"data":"  ],\n"}
,{"stream_name":"stdout","time":243.701875427,"data":"  \"work_package\": \"P3.4-04\"\n"}
,{"stream_name":"stdout","time":243.701878876,"data":"}\n"}
,{"stream_name":"stdout","time":243.701882042,"data":"\n"}
,{"stream_name":"stdout","time":746.254848522,"data":" 15881.53 ms  (compiled)\n"}
,{"stream_name":"stdout","time":746.25490475,"data":"Module ccd_kernel_builder__locals__ccd_kernel_e0982cf9 e0982cf load on device 'cuda:0' took 18206.73 ms  (compiled)\n"}
,{"stream_name":"stdout","time":746.254909487,"data":"Module ccd_kernel_builder__locals__ccd_kernel_e0982cf9 d9a4c59 load on device 'cuda:0' took 18016.57 ms  (compiled)\n"}
,{"stream_name":"stdout","time":746.254912957,"data":"Module ccd_kernel_builder__locals__ccd_kernel_bd3f9dfb bd3f9df load on device 'cuda:0' took 14339.52 ms  (compiled)\n"}
,{"stream_name":"stdout","time":746.254916284,"data":"Module ccd_kernel_builder__locals__ccd_kernel_bd3f9dfb 3dc57e6 load on device 'cuda:0' took 14318.01 ms  (compiled)\n"}
,{"stream_name":"stdout","time":746.254919371,"data":"Module ccd_kernel_builder__locals__ccd_kernel_dd1f38ac dd1f38a load on device 'cuda:0' took 14553.47 ms  (compiled)\n"}
,{"stream_name":"stdout","time":746.254922437,"data":"Module ccd_kernel_builder__locals__ccd_kernel_dd1f38ac 7c220af load on device 'cuda:0' took 14462.79 ms  (compiled)\n"}
,{"stream_name":"stdout","time":746.254925459,"data":"Module ccd_kernel_builder__locals__ccd_kernel_eccbaa15 eccbaa1 load on device 'cuda:0' took 16252.91 ms  (compiled)\n"}
,{"stream_name":"stdout","time":746.254928462,"data":"Module ccd_kernel_builder__locals__ccd_kernel_eccbaa15 5395324 load on device 'cuda:0' took 16309.71 ms  (compiled)\n"}
,{"stream_name":"stdout","time":746.25493151,"data":"Module _primitive_narrowphase__locals__primitive_narrowphase_3f02533d 3f02533 load on device 'cuda:0' took 6962.55 ms  (compiled)\n"}
,{"stream_name":"stdout","time":746.254934639,"data":"Module _equality_weld__locals__kernel_9cd92457 9cd9245 load on device 'cuda:0' took 965.90 ms  (compiled)\n"}
,{"stream_name":"stdout","time":746.254937648,"data":"Module _friction_dof__locals__kernel_b54a4577 b54a457 load on device 'cuda:0' took 269.46 ms  (compiled)\n"}
,{"stream_name":"stdout","time":746.254948947,"data":"Module _friction_tendon__locals__kernel_ce91c611 ce91c61 load on device 'cuda:0' took 312.91 ms  (compiled)\n"}
,{"stream_name":"stdout","time":746.254951417,"data":"Module _limit_slide_hinge__locals__kernel_37504ae5 37504ae load on device 'cuda:0' took 283.32 ms  (compiled)\n"}
,{"stream_name":"stdout","time":746.254953764,"data":"Module _efc_contact_init__locals__kernel_9e9f89de 9e9f89d load on device 'cuda:0' took 226.66 ms  (compiled)\n"}
,{"stream_name":"stdout","time":746.254956078,"data":"Module _efc_contact_jac_sparse__locals__kernel_c65fa0ff c65fa0f load on device 'cuda:0' took 246.91 ms  (compiled)\n"}
,{"stream_name":"stdout","time":746.254958501,"data":"Module _tile_cholesky_factorize_solve_block__locals__kernel_97adacf0 34f5372 load on device 'cuda:0' took 5102.28 ms  (compiled)\n"}
,{"stream_name":"stdout","time":746.254960844,"data":"Module _solve_init_dof__locals__kernel_ef1943e8 ef1943e load on device 'cuda:0' took 131.58 ms  (compiled)\n"}
,{"stream_name":"stdout","time":746.254964313,"data":"Module _solve_init_jaref_kernel__locals__kernel_e98a4279 e98a427 load on device 'cuda:0' took 200.89 ms  (compiled)\n"}
,{"stream_name":"stdout","time":746.254966776,"data":"Module _update_constraint_init_qfrc_constraint_sparse__locals__kernel_75c6b7f4 75c6b7f load on device 'cuda:0' took 170.23 ms  (compiled)\n"}
,{"stream_name":"stdout","time":746.25496925,"data":"Module _update_gradient_init_h_sparse__locals__kernel_89238011 8923801 load on device 'cuda:0' took 151.45 ms  (compiled)\n"}
,{"stream_name":"stdout","time":746.254971589,"data":"Module _JTDACJ_sparse__locals__kernel_6f70e7fd 6f70e7f load on device 'cuda:0' took 257.05 ms  (compiled)\n"}
,{"stream_name":"stdout","time":746.254973887,"data":"Module _JTDACJ_sparse__locals__kernel_77f9f5cb ffe1015 load on device 'cuda:0' took 692.05 ms  (compiled)\n"}
,{"stream_name":"stdout","time":746.254976191,"data":"Module _update_gradient_cholesky_blocked__locals__kernel_fcbf0f43 20b161d load on device 'cuda:0' took 7310.70 ms  (compiled)\n"}
,{"stream_name":"stdout","time":746.254978612,"data":"Module _linesearch_jv_fused_kernel__locals__kernel_6d9b3db7 6d9b3db load on device 'cuda:0' took 153.26 ms  (compiled)\n"}
,{"stream_name":"stdout","time":746.254980931,"data":"Module _linesearch_iterative_kernel__locals__kernel_0de39820 bcbeba6 load on device 'cuda:0' took 1942.00 ms  (compiled)\n"}
,{"stream_name":"stdout","time":746.254983298,"data":"{\n"}
,{"stream_name":"stdout","time":746.254985474,"data":"  \"backend_resolution\": {\n"}
,{"stream_name":"stdout","time":746.25498787,"data":"    \"capabilities\": {\n"}
,{"stream_name":"stdout","time":746.254990522,"data":"      \"equality:mjEQ_WELD\": \"supported\",\n"}
,{"stream_name":"stdout","time":746.254992904,"data":"      \"mocap_body\": \"supported\",\n"}
,{"stream_name":"stdout","time":746.254995216,"data":"      \"per_contact_force_and_frame\": \"supported\",\n"}
,{"stream_name":"stdout","time":746.254997637,"data":"      \"tendon_transmission\": \"supported\"\n"}
,{"stream_name":"stdout","time":746.254999991,"data":"    },\n"}
,{"stream_name":"stdout","time":746.255002169,"data":"    \"modules\": {\n"}
,{"stream_name":"stdout","time":746.255004456,"data":"      \"mujoco.mjx\": \"not_installed\",\n"}
,{"stream_name":"stdout","time":746.255006796,"data":"      \"mujoco_warp\": \"available\",\n"}
,{"stream_name":"stdout","time":746.255009077,"data":"      \"warp\": \"available\"\n"}
,{"stream_name":"stdout","time":746.255011362,"data":"    },\n"}
,{"stream_name":"stdout","time":746.255013521,"data":"    \"mujoco\": \"3.12.0\",\n"}
,{"stream_name":"stdout","time":746.255015806,"data":"    \"per_hand\": {\n"}
,{"stream_name":"stdout","time":746.255020793,"data":"      \"leap_hand\": {\n"}
,{"stream_name":"stdout","time":746.255023154,"data":"        \"compiled\": true,\n"}
,{"stream_name":"stdout","time":746.255025448,"data":"        \"contact_fields\": [\n"}
,{"stream_name":"stdout","time":746.255027729,"data":"          \"dim\",\n"}
,{"stream_name":"stdout","time":746.25502999,"data":"          \"dist\",\n"}
,{"stream_name":"stdout","time":746.255032212,"data":"          \"efc_address\",\n"}
,{"stream_name":"stdout","time":746.255034452,"data":"          \"elem\",\n"}
,{"stream_name":"stdout","time":746.25503664,"data":"          \"flex\",\n"}
,{"stream_name":"stdout","time":746.255038806,"data":"          \"frame\",\n"}
,{"stream_name":"stdout","time":746.255041009,"data":"          \"friction\",\n"}
,{"stream_name":"stdout","time":746.255043277,"data":"          \"geom\",\n"}
,{"stream_name":"stdout","time":746.255045468,"data":"          \"geomcollisionid\",\n"}
,{"stream_name":"stdout","time":746.255047704,"data":"          \"includemargin\",\n"}
,{"stream_name":"stdout","time":746.255049922,"data":"          \"pos\",\n"}
,{"stream_name":"stdout","time":746.255052102,"data":"          \"solimp\",\n"}
,{"stream_name":"stdout","time":746.255054289,"data":"          \"solref\",\n"}
,{"stream_name":"stdout","time":746.25505646,"data":"          \"solreffriction\",\n"}
,{"stream_name":"stdout","time":746.255058781,"data":"          \"type\",\n"}
,{"stream_name":"stdout","time":746.255061039,"data":"          \"vert\",\n"}
,{"stream_name":"stdout","time":746.255063234,"data":"          \"worldid\"\n"}
,{"stream_name":"stdout","time":746.255065454,"data":"        ],\n"}
,{"stream_name":"stdout","time":746.255067639,"data":"        \"contact_readback\": true,\n"}
,{"stream_name":"stdout","time":746.255069951,"data":"        \"neq\": 1,\n"}
,{"stream_name":"stdout","time":746.25507219,"data":"        \"nmocap\": 1,\n"}
,{"stream_name":"stdout","time":746.255074389,"data":"        \"ntendon\": 0\n"}
,{"stream_name":"stdout","time":746.255076646,"data":"      },\n"}
,{"stream_name":"stdout","time":746.255078824,"data":"      \"shadow_hand\": {\n"}
,{"stream_name":"stdout","time":746.255081055,"data":"        \"compiled\": true,\n"}
,{"stream_name":"stdout","time":746.255083368,"data":"        \"contact_fields\": [\n"}
,{"stream_name":"stdout","time":746.25508559,"data":"          \"dim\",\n"}
,{"stream_name":"stdout","time":746.255087791,"data":"          \"dist\",\n"}
,{"stream_name":"stdout","time":746.25509,"data":"          \"efc_address\",\n"}
,{"stream_name":"stdout","time":746.255092211,"data":"          \"elem\",\n"}
,{"stream_name":"stdout","time":746.255094396,"data":"          \"flex\",\n"}
,{"stream_name":"stdout","time":746.255096597,"data":"          \"frame\",\n"}
,{"stream_name":"stdout","time":746.255098818,"data":"          \"friction\",\n"}
,{"stream_name":"stdout","time":746.25510108,"data":"          \"geom\",\n"}
,{"stream_name":"stdout","time":746.255103612,"data":"          \"geomcollisionid\",\n"}
,{"stream_name":"stdout","time":746.255105869,"data":"          \"includemargin\",\n"}
,{"stream_name":"stdout","time":746.255108088,"data":"          \"pos\",\n"}
,{"stream_name":"stdout","time":746.255110259,"data":"          \"solimp\",\n"}
,{"stream_name":"stdout","time":746.255112449,"data":"          \"solref\",\n"}
,{"stream_name":"stdout","time":746.255114671,"data":"          \"solreffriction\",\n"}
,{"stream_name":"stdout","time":746.255116892,"data":"          \"type\",\n"}
,{"stream_name":"stdout","time":746.255120999,"data":"          \"vert\",\n"}
,{"stream_name":"stdout","time":746.255123274,"data":"          \"worldid\"\n"}
,{"stream_name":"stdout","time":746.255125477,"data":"        ],\n"}
,{"stream_name":"stdout","time":746.255127641,"data":"        \"contact_readback\": true,\n"}
,{"stream_name":"stdout","time":746.255129884,"data":"        \"neq\": 1,\n"}
,{"stream_name":"stdout","time":746.255132068,"data":"        \"nmocap\": 1,\n"}
,{"stream_name":"stdout","time":746.255134319,"data":"        \"ntendon\": 4\n"}
,{"stream_name":"stdout","time":746.255136557,"data":"      },\n"}
,{"stream_name":"stdout","time":746.255138761,"data":"      \"wonik_allegro\": {\n"}
,{"stream_name":"stdout","time":746.255141319,"data":"        \"compiled\": true,\n"}
,{"stream_name":"stdout","time":746.255143541,"data":"        \"contact_fields\": [\n"}
,{"stream_name":"stdout","time":746.255145764,"data":"          \"dim\",\n"}
,{"stream_name":"stdout","time":746.255147942,"data":"          \"dist\",\n"}
,{"stream_name":"stdout","time":746.255150196,"data":"          \"efc_address\",\n"}
,{"stream_name":"stdout","time":746.255152442,"data":"          \"elem\",\n"}
,{"stream_name":"stdout","time":746.255154694,"data":"          \"flex\",\n"}
,{"stream_name":"stdout","time":746.255156878,"data":"          \"frame\",\n"}
,{"stream_name":"stdout","time":746.255159149,"data":"          \"friction\",\n"}
,{"stream_name":"stdout","time":746.255161331,"data":"          \"geom\",\n"}
,{"stream_name":"stdout","time":746.255163515,"data":"          \"geomcollisionid\",\n"}
,{"stream_name":"stdout","time":746.25516571,"data":"          \"includemargin\",\n"}
,{"stream_name":"stdout","time":746.255168001,"data":"          \"pos\",\n"}
,{"stream_name":"stdout","time":746.255170242,"data":"          \"solimp\",\n"}
,{"stream_name":"stdout","time":746.255172436,"data":"          \"solref\",\n"}
,{"stream_name":"stdout","time":746.255174617,"data":"          \"solreffriction\",\n"}
,{"stream_name":"stdout","time":746.255176897,"data":"          \"type\",\n"}
,{"stream_name":"stdout","time":746.255179079,"data":"          \"vert\",\n"}
,{"stream_name":"stdout","time":746.255181261,"data":"          \"worldid\"\n"}
,{"stream_name":"stdout","time":746.255183445,"data":"        ],\n"}
,{"stream_name":"stdout","time":746.255185617,"data":"        \"contact_readback\": true,\n"}
,{"stream_name":"stdout","time":746.255187851,"data":"        \"neq\": 1,\n"}
,{"stream_name":"stdout","time":746.255190041,"data":"        \"nmocap\": 1,\n"}
,{"stream_name":"stdout","time":746.255192243,"data":"        \"ntendon\": 0\n"}
,{"stream_name":"stdout","time":746.255194442,"data":"      }\n"}
,{"stream_name":"stdout","time":746.255196584,"data":"    },\n"}
,{"stream_name":"stdout","time":746.255198701,"data":"    \"unsupported\": [],\n"}
,{"stream_name":"stdout","time":746.255200969,"data":"    \"untested_requirements\": [],\n"}
,{"stream_name":"stdout","time":746.255203231,"data":"    \"verdict\": \"supported\",\n"}
,{"stream_name":"stdout","time":746.255205514,"data":"    \"warp_cuda_devices\": [\n"}
,{"stream_name":"stdout","time":746.255207787,"data":"      \"cuda:0\",\n"}
,{"stream_name":"stdout","time":746.255209974,"data":"      \"cuda:1\"\n"}
,{"stream_name":"stdout","time":746.255212154,"data":"    ],\n"}
,{"stream_name":"stdout","time":746.255214288,"data":"    \"warp_version\": \"1.16.0\"\n"}
,{"stream_name":"stdout","time":746.255216571,"data":"  },\n"}
,{"stream_name":"stdout","time":746.255220538,"data":"  \"blocking_requirements\": [\n"}
,{"stream_name":"stdout","time":746.255222869,"data":"    \"tendon_transmission\",\n"}
,{"stream_name":"stdout","time":746.255225134,"data":"    \"equality:mjEQ_WELD\",\n"}
,{"stream_name":"stdout","time":746.255227361,"data":"    \"mocap_body\",\n"}
,{"stream_name":"stdout","time":746.255229585,"data":"    \"per_contact_force_and_frame\"\n"}
,{"stream_name":"stdout","time":746.255231853,"data":"  ],\n"}
,{"stream_name":"stdout","time":746.255233979,"data":"  \"cuda_environment\": {\n"}
,{"stream_name":"stdout","time":746.255236198,"data":"    \"capability\": \"7.5\",\n"}
,{"stream_name":"stdout","time":746.255238443,"data":"    \"device\": \"cuda:0\",\n"}
,{"stream_name":"stdout","time":746.255240715,"data":"    \"driver\": \"12.8\",\n"}
,{"stream_name":"stdout","time":746.255243007,"data":"    \"gpu_name\": \"Tesla T4\",\n"}
,{"stream_name":"stdout","time":746.255245331,"data":"    \"torch\": \"2.10.0+cu128\",\n"}
,{"stream_name":"stdout","time":746.255247697,"data":"    \"torch_cuda_build\": \"12.8\",\n"}
,{"stream_name":"stdout","time":746.255249988,"data":"    \"total_memory_gib\": 14.56\n"}
,{"stream_name":"stdout","time":746.255252221,"data":"  },\n"}
,{"stream_name":"stdout","time":746.255254347,"data":"  \"profile\": \"kaggle-t4-micro\",\n"}
,{"stream_name":"stdout","time":746.255256624,"data":"  \"python\": \"3.12.13\",\n"}
,{"stream_name":"stdout","time":746.255258894,"data":"  \"qdgrasp_version\": \"0.1.0a1\",\n"}
,{"stream_name":"stdout","time":746.255261289,"data":"  \"schema\": \"qdgrasp/evidence/phase3.4-cuda/v1\",\n"}
,{"stream_name":"stdout","time":746.255263657,"data":"  \"search_benchmark\": {\n"}
,{"stream_name":"stdout","time":746.255270677,"data":"    \"missing\": [\n"}
,{"stream_name":"stdout","time":746.255273013,"data":"      \"P3.4-05 MJWarp CUDA backend\"\n"}
,{"stream_name":"stdout","time":746.255275247,"data":"    ],\n"}
,{"stream_name":"stdout","time":746.255277495,"data":"    \"note\": \"Throughput, VRAM and CPU/GPU parity numbers require the CUDA backend. Reporting the CPU oracle here would be a fabricated CUDA measurement.\",\n"}
,{"stream_name":"stdout","time":746.25528,"data":"    \"status\": \"not_implemented\"\n"}
,{"stream_name":"stdout","time":746.255282274,"data":"  },\n"}
,{"stream_name":"stdout","time":746.255284441,"data":"  \"status\": \"BACKEND_SUPPORTED_PENDING_P3.4-05\",\n"}
,{"stream_name":"stdout","time":746.255286768,"data":"  \"timestamp\": \"2026-08-27T06:36:10.271073+00:00\"\n"}
,{"stream_name":"stdout","time":746.255289163,"data":"}\n"}
,{"stream_name":"stdout","time":746.255291317,"data":"\n"}
,{"stream_name":"stdout","time":746.255293442,"data":"\n"}
,{"stream_name":"stdout","time":746.255295556,"data":"VERDICT: supported\n"}
,{"stream_name":"stdout","time":746.255297801,"data":"unsupported: []\n"}
,{"stream_name":"stdout","time":746.255300018,"data":"gate exit: 0\n"}
,{"stream_name":"stderr","time":746.255946181,"data":"/usr/local/lib/python3.12/dist-packages/mujoco_warp/_src/io.py:709: UserWarning: MULTICCD is enabled, but the scene contains CCD pairs without multicontact support: [('CAPSULE', 'CYLINDER'), ('CAPSULE', 'MESH'), ('CYLINDER', 'CYLINDER'), ('CYLINDER', 'BOX'), ('CYLINDER', 'MESH')]. At most 1 contact will be generated for these pairs.\n"}
,{"stream_name":"stderr","time":746.255964655,"data":"  warnings.warn(\n"}
,{"stream_name":"stderr","time":746.255967396,"data":"evidence_sha256=53f5fadda8f17074dfbd280ebcdd044242cb2df414093fffaeedbe4131d09993\n"}
,{"stream_name":"stderr","time":746.255969862,"data":"Phase 3.4 backend supported; P3.4-05 and the search benchmark are still outstanding. This run does not close the phase.\n"}
,{"stream_name":"stderr","time":746.255976897,"data":"\n"}
,{"stream_name":"stderr","time":746.25597935,"data":"\n"}
,{"stream_name":"stderr","time":746.255981611,"data":"/usr/local/lib/python3.12/dist-packages/mujoco_warp/_src/io.py:709: UserWarning: MULTICCD is enabled, but the scene contains CCD pairs without multicontact support: [('CAPSULE', 'CYLINDER'), ('CAPSULE', 'MESH'), ('CYLINDER', 'CYLINDER'), ('CYLINDER', 'BOX'), ('CYLINDER', 'MESH')]. At most 1 contact will be generated for these pairs.\n"}
,{"stream_name":"stderr","time":746.255984389,"data":"  warnings.warn(\n"}
,{"stream_name":"stderr","time":746.255986642,"data":"evidence_sha256=53f5fadda8f17074dfbd280ebcdd044242cb2df414093fffaeedbe4131d09993\n"}
,{"stream_name":"stderr","time":746.255989274,"data":"Phase 3.4 backend supported; P3.4-05 and the search benchmark are still outstanding. This run does not close the phase.\n"}
,{"stream_name":"stderr","time":746.255991679,"data":"\n"}
,{"stream_name":"stdout","time":746.274523553,"data":"{\n"}
,{"stream_name":"stdout","time":746.274544928,"data":"  \"backend_resolution\": {\n"}
,{"stream_name":"stdout","time":746.274558118,"data":"    \"capabilities\": {\n"}
,{"stream_name":"stdout","time":746.274593771,"data":"      \"equality:mjEQ_WELD\": \"supported\",\n"}
,{"stream_name":"stdout","time":746.274598404,"data":"      \"mocap_body\": \"supported\",\n"}
,{"stream_name":"stdout","time":746.274602082,"data":"      \"per_contact_force_and_frame\": \"supported\",\n"}
,{"stream_name":"stdout","time":746.274606205,"data":"      \"tendon_transmission\": \"supported\"\n"}
,{"stream_name":"stdout","time":746.274610571,"data":"    },\n"}
,{"stream_name":"stdout","time":746.274614,"data":"    \"modules\": {\n"}
,{"stream_name":"stdout","time":746.274617348,"data":"      \"mujoco.mjx\": \"not_installed\",\n"}
,{"stream_name":"stdout","time":746.27462087,"data":"      \"mujoco_warp\": \"available\",\n"}
,{"stream_name":"stdout","time":746.274626089,"data":"      \"warp\": \"available\"\n"}
,{"stream_name":"stdout","time":746.274633717,"data":"    },\n"}
,{"stream_name":"stdout","time":746.274636174,"data":"    \"mujoco\": \"3.12.0\",\n"}
,{"stream_name":"stdout","time":746.274638449,"data":"    \"per_hand\": {\n"}
,{"stream_name":"stdout","time":746.274640751,"data":"      \"leap_hand\": {\n"}
,{"stream_name":"stdout","time":746.274643106,"data":"        \"compiled\": true,\n"}
,{"stream_name":"stdout","time":746.274645473,"data":"        \"contact_fields\": [\n"}
,{"stream_name":"stdout","time":746.274647921,"data":"          \"dim\",\n"}
,{"stream_name":"stdout","time":746.274650233,"data":"          \"dist\",\n"}
,{"stream_name":"stdout","time":746.274652608,"data":"          \"efc_address\",\n"}
,{"stream_name":"stdout","time":746.274654952,"data":"          \"elem\",\n"}
,{"stream_name":"stdout","time":746.274657125,"data":"          \"flex\",\n"}
,{"stream_name":"stdout","time":746.27465947,"data":"          \"frame\",\n"}
,{"stream_name":"stdout","time":746.274661794,"data":"          \"friction\",\n"}
,{"stream_name":"stdout","time":746.27466399,"data":"          \"geom\",\n"}
,{"stream_name":"stdout","time":746.274666226,"data":"          \"geomcollisionid\",\n"}
,{"stream_name":"stdout","time":746.274668438,"data":"          \"includemargin\",\n"}
,{"stream_name":"stdout","time":746.274670627,"data":"          \"pos\",\n"}
,{"stream_name":"stdout","time":746.274673219,"data":"          \"solimp\",\n"}
,{"stream_name":"stdout","time":746.274689085,"data":"          \"solref\",\n"}
,{"stream_name":"stdout","time":746.274703082,"data":"          \"solreffriction\",\n"}
,{"stream_name":"stdout","time":746.274707323,"data":"          \"type\",\n"}
,{"stream_name":"stdout","time":746.27471062,"data":"          \"vert\",\n"}
,{"stream_name":"stdout","time":746.274713897,"data":"          \"worldid\"\n"}
,{"stream_name":"stdout","time":746.274717203,"data":"        ],\n"}
,{"stream_name":"stdout","time":746.274720394,"data":"        \"contact_readback\": true,\n"}
,{"stream_name":"stdout","time":746.27472381,"data":"        \"neq\": 1,\n"}
,{"stream_name":"stdout","time":746.274727128,"data":"        \"nmocap\": 1,\n"}
,{"stream_name":"stdout","time":746.274730615,"data":"        \"ntendon\": 0\n"}
,{"stream_name":"stdout","time":746.27473908,"data":"      },\n"}
,{"stream_name":"stdout","time":746.274741582,"data":"      \"shadow_hand\": {\n"}
,{"stream_name":"stdout","time":746.274743839,"data":"        \"compiled\": true,\n"}
,{"stream_name":"stdout","time":746.274746033,"data":"        \"contact_fields\": [\n"}
,{"stream_name":"stdout","time":746.27474826,"data":"          \"dim\",\n"}
,{"stream_name":"stdout","time":746.274750465,"data":"          \"dist\",\n"}
,{"stream_name":"stdout","time":746.274752663,"data":"          \"efc_address\",\n"}
,{"stream_name":"stdout","time":746.274754937,"data":"          \"elem\",\n"}
,{"stream_name":"stdout","time":746.274760479,"data":"          \"flex\",\n"}
,{"stream_name":"stdout","time":746.274762756,"data":"          \"frame\",\n"}
,{"stream_name":"stdout","time":746.274765151,"data":"          \"friction\",\n"}
,{"stream_name":"stdout","time":746.274767522,"data":"          \"geom\",\n"}
,{"stream_name":"stdout","time":746.274769835,"data":"          \"geomcollisionid\",\n"}
,{"stream_name":"stdout","time":746.274772667,"data":"          \"includemargin\",\n"}
,{"stream_name":"stdout","time":746.274787545,"data":"          \"pos\",\n"}
,{"stream_name":"stdout","time":746.274791489,"data":"          \"solimp\",\n"}
,{"stream_name":"stdout","time":746.2747956,"data":"          \"solref\",\n"}
,{"stream_name":"stdout","time":746.274800573,"data":"          \"solreffriction\",\n"}
,{"stream_name":"stdout","time":746.274804591,"data":"          \"type\",\n"}
,{"stream_name":"stdout","time":746.274807917,"data":"          \"vert\",\n"}
,{"stream_name":"stdout","time":746.274812001,"data":"          \"worldid\"\n"}
,{"stream_name":"stdout","time":746.274815386,"data":"        ],\n"}
,{"stream_name":"stdout","time":746.274818568,"data":"        \"contact_readback\": true,\n"}
,{"stream_name":"stdout","time":746.274822001,"data":"        \"neq\": 1,\n"}
,{"stream_name":"stdout","time":746.274825393,"data":"        \"nmocap\": 1,\n"}
,{"stream_name":"stdout","time":746.274828612,"data":"        \"ntendon\": 4\n"}
,{"stream_name":"stdout","time":746.274831921,"data":"      },\n"}
,{"stream_name":"stdout","time":746.274835153,"data":"      \"wonik_allegro\": {\n"}
,{"stream_name":"stdout","time":746.274838512,"data":"        \"compiled\": true,\n"}
,{"stream_name":"stdout","time":746.274841843,"data":"        \"contact_fields\": [\n"}
,{"stream_name":"stdout","time":746.274845128,"data":"          \"dim\",\n"}
,{"stream_name":"stdout","time":746.274850126,"data":"          \"dist\",\n"}
,{"stream_name":"stdout","time":746.274856352,"data":"          \"efc_address\",\n"}
,{"stream_name":"stdout","time":746.274858642,"data":"          \"elem\",\n"}
,{"stream_name":"stdout","time":746.274860836,"data":"          \"flex\",\n"}
,{"stream_name":"stdout","time":746.274866297,"data":"          \"frame\",\n"}
,{"stream_name":"stdout","time":746.274868753,"data":"          \"friction\",\n"}
,{"stream_name":"stdout","time":746.27488288,"data":"          \"geom\",\n"}
,{"stream_name":"stdout","time":746.27488679,"data":"          \"geomcollisionid\",\n"}
,{"stream_name":"stdout","time":746.27489084,"data":"          \"includemargin\",\n"}
,{"stream_name":"stdout","time":746.274894325,"data":"          \"pos\",\n"}
,{"stream_name":"stdout","time":746.274898506,"data":"          \"solimp\",\n"}
,{"stream_name":"stdout","time":746.274902049,"data":"          \"solref\",\n"}
,{"stream_name":"stdout","time":746.274905335,"data":"          \"solreffriction\",\n"}
,{"stream_name":"stdout","time":746.274908633,"data":"          \"type\",\n"}
,{"stream_name":"stdout","time":746.274911853,"data":"          \"vert\",\n"}
,{"stream_name":"stdout","time":746.274915117,"data":"          \"worldid\"\n"}
,{"stream_name":"stdout","time":746.274918417,"data":"        ],\n"}
,{"stream_name":"stdout","time":746.274921612,"data":"        \"contact_readback\": true,\n"}
,{"stream_name":"stdout","time":746.274924945,"data":"        \"neq\": 1,\n"}
,{"stream_name":"stdout","time":746.274928199,"data":"        \"nmocap\": 1,\n"}
,{"stream_name":"stdout","time":746.274931491,"data":"        \"ntendon\": 0\n"}
,{"stream_name":"stdout","time":746.274934746,"data":"      }\n"}
,{"stream_name":"stdout","time":746.274937918,"data":"    },\n"}
,{"stream_name":"stdout","time":746.274941049,"data":"    \"unsupported\": [],\n"}
,{"stream_name":"stdout","time":746.274945977,"data":"    \"untested_requirements\": [],\n"}
,{"stream_name":"stdout","time":746.274949342,"data":"    \"verdict\": \"supported\",\n"}
,{"stream_name":"stdout","time":746.274952775,"data":"    \"warp_cuda_devices\": [\n"}
,{"stream_name":"stdout","time":746.274961355,"data":"      \"cuda:0\",\n"}
,{"stream_name":"stdout","time":746.274963938,"data":"      \"cuda:1\"\n"}
,{"stream_name":"stdout","time":746.274977064,"data":"    ],\n"}
,{"stream_name":"stdout","time":746.27498093,"data":"    \"warp_version\": \"1.16.0\"\n"}
,{"stream_name":"stdout","time":746.274985086,"data":"  },\n"}
,{"stream_name":"stdout","time":746.274988697,"data":"  \"blocking_requirements\": [\n"}
,{"stream_name":"stdout","time":746.274992947,"data":"    \"tendon_transmission\",\n"}
,{"stream_name":"stdout","time":746.274996506,"data":"    \"equality:mjEQ_WELD\",\n"}
,{"stream_name":"stdout","time":746.27499985,"data":"    \"mocap_body\",\n"}
,{"stream_name":"stdout","time":746.275003141,"data":"    \"per_contact_force_and_frame\"\n"}
,{"stream_name":"stdout","time":746.275006546,"data":"  ],\n"}
,{"stream_name":"stdout","time":746.275009642,"data":"  \"cuda_environment\": {\n"}
,{"stream_name":"stdout","time":746.275012974,"data":"    \"capability\": \"7.5\",\n"}
,{"stream_name":"stdout","time":746.275016393,"data":"    \"device\": \"cuda:0\",\n"}
,{"stream_name":"stdout","time":746.27501978,"data":"    \"driver\": \"12.8\",\n"}
,{"stream_name":"stdout","time":746.275023083,"data":"    \"gpu_name\": \"Tesla T4\",\n"}
,{"stream_name":"stdout","time":746.275026458,"data":"    \"torch\": \"2.10.0+cu128\",\n"}
,{"stream_name":"stdout","time":746.275029896,"data":"    \"torch_cuda_build\": \"12.8\",\n"}
,{"stream_name":"stdout","time":746.275033321,"data":"    \"total_memory_gib\": 14.56\n"}
,{"stream_name":"stdout","time":746.275036674,"data":"  },\n"}
,{"stream_name":"stdout","time":746.27503984,"data":"  \"profile\": \"kaggle-t4-micro\",\n"}
,{"stream_name":"stdout","time":746.275046658,"data":"  \"python\": \"3.12.13\",\n"}
,{"stream_name":"stdout","time":746.275055392,"data":"  \"qdgrasp_version\": \"0.1.0a1\",\n"}
,{"stream_name":"stdout","time":746.275058055,"data":"  \"schema\": \"qdgrasp/evidence/phase3.4-cuda/v1\",\n"}
,{"stream_name":"stdout","time":746.275061246,"data":"  \"search_benchmark\": {\n"}
,{"stream_name":"stdout","time":746.275075141,"data":"    \"missing\": [\n"}
,{"stream_name":"stdout","time":746.27507902,"data":"      \"P3.4-05 MJWarp CUDA backend\"\n"}
,{"stream_name":"stdout","time":746.275083129,"data":"    ],\n"}
,{"stream_name":"stdout","time":746.275087113,"data":"    \"note\": \"Throughput, VRAM and CPU/GPU parity numbers require the CUDA backend. Reporting the CPU oracle here would be a fabricated CUDA measurement.\",\n"}
,{"stream_name":"stdout","time":746.275091503,"data":"    \"status\": \"not_implemented\"\n"}
,{"stream_name":"stdout","time":746.275094985,"data":"  },\n"}
,{"stream_name":"stdout","time":746.275098158,"data":"  \"status\": \"BACKEND_SUPPORTED_PENDING_P3.4-05\",\n"}
,{"stream_name":"stdout","time":746.275101608,"data":"  \"timestamp\": \"2026-08-27T06:36:10.271073+00:00\"\n"}
,{"stream_name":"stdout","time":746.275105013,"data":"}\n"}
,{"stream_name":"stderr","time":749.173857516,"data":"/usr/local/lib/python3.12/dist-packages/mistune.py:435: SyntaxWarning: invalid escape sequence '\\|'\n"}
,{"stream_name":"stderr","time":749.173887163,"data":"  cells[i][c] = re.sub('\\\\\\\\\\|', '|', cell)\n"}
,{"stream_name":"stderr","time":749.324029623,"data":"/usr/local/lib/python3.12/dist-packages/nbconvert/filters/filter_links.py:36: SyntaxWarning: invalid escape sequence '\\_'\n"}
,{"stream_name":"stderr","time":749.324052986,"data":"  text = re.sub(r'_', '\\_', text) # Escape underscores in display text\n"}
,{"stream_name":"stderr","time":749.962119674,"data":"[NbConvertApp] Converting notebook __notebook__.ipynb to notebook\n"}
,{"stream_name":"stderr","time":750.262157841,"data":"[NbConvertApp] Writing 46493 bytes to __notebook__.ipynb\n"}
,{"stream_name":"stderr","time":752.677524801,"data":"[NbConvertApp] Converting notebook __notebook__.ipynb to html\n"}
,{"stream_name":"stderr","time":753.523502614,"data":"[NbConvertApp] Writing 332982 bytes to __results__.html\n"}
]